// Vitest Snapshot v1, https://vitest.dev/guide/snapshot.html

exports[`Card > renders 1`] = `
<DocumentFragment>
  <div
    class="fzx2n3q"
    data-testid="card"
  >
    A card with some content
  </div>
</DocumentFragment>
`;
