// Vitest Snapshot v1, https://vitest.dev/guide/snapshot.html

exports[`Divider > renders 1`] = `
<DocumentFragment>
  <div
    class="fmkmivb"
    data-testid="divider"
  />
</DocumentFragment>
`;
